// Code generated by "shoot rest -type=Client ./testdata/restclient"; DO NOT EDIT.

package restclient

import (
	"bytes"
	"context"
	"encoding/json"
	"fmt"
	"io"
	"net/http"
	"net/url"
	"strings"
	"time"

	"github.com/lopolopen/shoot"
)

type client struct {
	client *http.Client
	conf   *shoot.RestConf
}

func (c *client) GetUser(ctx context.Context, userID string) (*User, error) {
	path_ := "/users/{id}"
	path_ = strings.Replace(path_, "{id}", fmt.Sprintf("%v", userID), 1)

	url_, err := url.JoinPath(c.conf.BaseURL(), path_)
	if err != nil {
		return nil, err
	}

	req_, err := http.NewRequestWithContext(ctx, "GET", url_, nil)
	if err != nil {
		return nil, err
	}

	req_.Header.Add("Accept", "application/json")

	resp_, err := c.client.Do(req_)
	if err != nil {
		return nil, err
	}
	defer resp_.Body.Close()

	body_, err := io.ReadAll(resp_.Body)
	if err != nil {
		return nil, err
	}
	var result_ User
	err = json.Unmarshal(body_, &result_)
	if err != nil {
		return nil, err
	}
	return &result_, nil
}

func (c *client) QueryUsers(ctx context.Context, key string, pageSize int, pageIdx int) (*QueryUsersResp, error) {
	path_ := "/users"

	url_, err := url.JoinPath(c.conf.BaseURL(), path_)
	if err != nil {
		return nil, err
	}

	req_, err := http.NewRequestWithContext(ctx, "GET", url_, nil)
	if err != nil {
		return nil, err
	}

	query_ := req_.URL.Query()
	query_.Set("key", fmt.Sprintf("%v", key))
	query_.Set("size", fmt.Sprintf("%v", pageSize))
	query_.Set("page_idx", fmt.Sprintf("%v", pageIdx))
	req_.URL.RawQuery = query_.Encode()

	req_.Header.Add("Accept", "application/json")

	resp_, err := c.client.Do(req_)
	if err != nil {
		return nil, err
	}
	defer resp_.Body.Close()

	body_, err := io.ReadAll(resp_.Body)
	if err != nil {
		return nil, err
	}
	var result_ QueryUsersResp
	err = json.Unmarshal(body_, &result_)
	if err != nil {
		return nil, err
	}
	return &result_, nil
}

func (c *client) QueryUsers2(ctx context.Context, params map[string]string) (*QueryUsersResp, error) {
	path_ := "/users"

	url_, err := url.JoinPath(c.conf.BaseURL(), path_)
	if err != nil {
		return nil, err
	}

	req_, err := http.NewRequestWithContext(ctx, "GET", url_, nil)
	if err != nil {
		return nil, err
	}

	query_ := req_.URL.Query()
	for k, v := range params {
		query_.Set(k, fmt.Sprintf("%v", v))
	}
	req_.URL.RawQuery = query_.Encode()

	req_.Header.Add("Accept", "application/json")

	resp_, err := c.client.Do(req_)
	if err != nil {
		return nil, err
	}
	defer resp_.Body.Close()

	body_, err := io.ReadAll(resp_.Body)
	if err != nil {
		return nil, err
	}
	var result_ QueryUsersResp
	err = json.Unmarshal(body_, &result_)
	if err != nil {
		return nil, err
	}
	return &result_, nil
}

func (c *client) QueryUsers3(ctx context.Context, params *map[string]string) (*QueryUsersResp, error) {
	path_ := "/users"

	url_, err := url.JoinPath(c.conf.BaseURL(), path_)
	if err != nil {
		return nil, err
	}

	req_, err := http.NewRequestWithContext(ctx, "GET", url_, nil)
	if err != nil {
		return nil, err
	}

	query_ := req_.URL.Query()
	for k, v := range params {
		query_.Set(k, fmt.Sprintf("%v", v))
	}
	req_.URL.RawQuery = query_.Encode()

	req_.Header.Add("Accept", "application/json")

	resp_, err := c.client.Do(req_)
	if err != nil {
		return nil, err
	}
	defer resp_.Body.Close()

	body_, err := io.ReadAll(resp_.Body)
	if err != nil {
		return nil, err
	}
	var result_ QueryUsersResp
	err = json.Unmarshal(body_, &result_)
	if err != nil {
		return nil, err
	}
	return &result_, nil
}

func (c *client) QueryUsers4(ctx context.Context, req QueryUsersReq) (*QueryUsersResp, error) {
	path_ := "/users"

	url_, err := url.JoinPath(c.conf.BaseURL(), path_)
	if err != nil {
		return nil, err
	}

	req_, err := http.NewRequestWithContext(ctx, "GET", url_, nil)
	if err != nil {
		return nil, err
	}

	query_ := req_.URL.Query()
	query_.Set("name", fmt.Sprintf("%v", req.Name))
	query_.Set("size", fmt.Sprintf("%v", req.PageSize))
	query_.Set("page_idx", fmt.Sprintf("%v", req.PageIdx))
	req_.URL.RawQuery = query_.Encode()

	req_.Header.Add("Accept", "application/json")

	resp_, err := c.client.Do(req_)
	if err != nil {
		return nil, err
	}
	defer resp_.Body.Close()

	body_, err := io.ReadAll(resp_.Body)
	if err != nil {
		return nil, err
	}
	var result_ QueryUsersResp
	err = json.Unmarshal(body_, &result_)
	if err != nil {
		return nil, err
	}
	return &result_, nil
}

func (c *client) QueryUsers5(ctx context.Context, req *QueryUsersReq) (*QueryUsersResp, error) {
	path_ := "/users"

	url_, err := url.JoinPath(c.conf.BaseURL(), path_)
	if err != nil {
		return nil, err
	}

	req_, err := http.NewRequestWithContext(ctx, "GET", url_, nil)
	if err != nil {
		return nil, err
	}

	query_ := req_.URL.Query()
	query_.Set("name", fmt.Sprintf("%v", req.Name))
	query_.Set("size", fmt.Sprintf("%v", req.PageSize))
	query_.Set("page_idx", fmt.Sprintf("%v", req.PageIdx))
	req_.URL.RawQuery = query_.Encode()

	req_.Header.Add("Accept", "application/json")

	resp_, err := c.client.Do(req_)
	if err != nil {
		return nil, err
	}
	defer resp_.Body.Close()

	body_, err := io.ReadAll(resp_.Body)
	if err != nil {
		return nil, err
	}
	var result_ QueryUsersResp
	err = json.Unmarshal(body_, &result_)
	if err != nil {
		return nil, err
	}
	return &result_, nil
}

func (c *client) UpdateUser(ctx context.Context, id int, user User) error {
	path_ := "/users/{id}"
	path_ = strings.Replace(path_, "{id}", fmt.Sprintf("%v", id), 1)

	url_, err := url.JoinPath(c.conf.BaseURL(), path_)
	if err != nil {
		return err
	}

	bodyJson_, err := json.Marshal(user)
	if err != nil {
		return err
	}

	req_, err := http.NewRequestWithContext(ctx, "PUT", url_, bytes.NewReader(bodyJson_))
	if err != nil {
		return err
	}

	req_.Header.Add("Accept", "application/json")
	req_.Header.Add("Content-Type", "application/json")

	resp_, err := c.client.Do(req_)
	if err != nil {
		return err
	}
	defer resp_.Body.Close()

	return nil
}

// ConfigHTTPClient allows customization of the underlying http.Client.
func (c *client) ConfigHTTPClient(config func(*http.Client)) Client {
	config(c.client)
	return c
}

// ShootRest exists solely to fulfill the RestShooter interface contract.
func (c *client) ShootRest() { /*noop*/ }

func init() {
	shoot.Register(func(conf shoot.RestConf) Client {
		return &client{
			conf: &conf,
			client: &http.Client{
				Timeout:   time.Duration(conf.Timeout()) * time.Second,
				Transport: conf.BuildMiddleware(),
			},
		}
	})
}
