// Code generated by "shoot new -file=new_file.go ./testdata/constructor"; DO NOT EDIT.

package constructor

// NewF1 constructs a new instance of type F1
func NewF1(fa string, fb string) *F1 {
	return &F1{
		fa: fa,
		fb: fb,
	}
}

// ShootNew exists solely to fulfill the NewShooter interface contract
func (f F1) ShootNew() { /*noop*/ }

// NewF2 constructs a new instance of type F2
func NewF2(fc string) *F2 {
	return &F2{
		fc: fc,
	}
}

// ShootNew exists solely to fulfill the NewShooter interface contract
func (f F2) ShootNew() { /*noop*/ }

// NewF3 constructs a new instance of type F3
func NewF3(fd int) *F3 {
	return &F3{
		fd: fd,
	}
}

// ShootNew exists solely to fulfill the NewShooter interface contract
func (f F3) ShootNew() { /*noop*/ }
