// Code generated by "shoot new -opt -type=Conf ./testdata/constructor"; DO NOT EDIT.

package constructor

// NewConf constructs a new instance of type Conf
func NewConf(name string) *Conf {
	return &Conf{
		name: name,
	}
}

// With initializes this instance using the functional options pattern
func (c *Conf) With(opts ..._opt_[Conf, *Conf]) *Conf {
	c._def_()
	for _, opt := range opts {
		opt(c)
	}
	return c
}

func NameOfConf(name_ string) _opt_[Conf, *Conf] {
	return func(c *Conf) {
		c.name = name_
	}
}
func HostOfConf(host_ []string) _opt_[Conf, *Conf] {
	return func(c *Conf) {
		c.host = host_
	}
}
func PortOfConf(port_ int) _opt_[Conf, *Conf] {
	return func(c *Conf) {
		c.port = port_
	}
}

func (c *Conf) _def_() {
	c.port = 80
}
