// Code generated by "shoot new -opt"; DO NOT EDIT.

package constructor

type _def_ interface {
	_def_()
}

type _ptr_[T any] interface {
	~*T
	_def_
}

type _opt_[T any, PT _ptr_[T]] func(*T)

// NewWith constructs a new instance of type T using the functional options pattern
func NewWith[T any, PT _ptr_[T]](opts ..._opt_[T, PT]) *T {
	t := new(T)
	(PT(t))._def_()
	for _, opt := range opts {
		opt(t)
	}
	return t
}
