// Code generated by "shoot new -getset -type=User ./testdata"; DO NOT EDIT.

package testdata

// NewUser constructs a new instance of type User
func NewUser(id int, name string, age int) *User {
	return &User{
		id:   id,
		name: name,
		age:  age,
	}
}

// Id gets the value of field id
func (u *User) Id() int {
	return u.id
}

// Name gets the value of field name
func (u *User) Name() string {
	return u.name
}

// Age gets the value of field age
func (u *User) Age() int {
	return u.age
}

// SetId sets the value of field id
func (u *User) SetId(id_ int) {
	u.id = id_
}

// SetName sets the value of field name
func (u *User) SetName(name_ string) {
	u.name = name_
}

// SetAge sets the value of field age
func (u *User) SetAge(age_ int) {
	u.age = age_
}
